Archive member included to satisfy reference by file (symbol)

/usr/lib/gcc/arm-none-eabi/7.3.1/../../../arm-none-eabi/lib/thumb/v7-m/libc_nano.a(lib_a-atexit.o)
                              /usr/lib/gcc/arm-none-eabi/7.3.1/../../../arm-none-eabi/lib/thumb/v7-m/crt0.o (atexit)
/usr/lib/gcc/arm-none-eabi/7.3.1/../../../arm-none-eabi/lib/thumb/v7-m/libc_nano.a(lib_a-exit.o)
                              /usr/lib/gcc/arm-none-eabi/7.3.1/../../../arm-none-eabi/lib/thumb/v7-m/crt0.o (exit)
/usr/lib/gcc/arm-none-eabi/7.3.1/../../../arm-none-eabi/lib/thumb/v7-m/libc_nano.a(lib_a-fini.o)
                              /usr/lib/gcc/arm-none-eabi/7.3.1/../../../arm-none-eabi/lib/thumb/v7-m/crt0.o (__libc_fini_array)
/usr/lib/gcc/arm-none-eabi/7.3.1/../../../arm-none-eabi/lib/thumb/v7-m/libc_nano.a(lib_a-impure.o)
                              /usr/lib/gcc/arm-none-eabi/7.3.1/../../../arm-none-eabi/lib/thumb/v7-m/libc_nano.a(lib_a-exit.o) (_global_impure_ptr)
/usr/lib/gcc/arm-none-eabi/7.3.1/../../../arm-none-eabi/lib/thumb/v7-m/libc_nano.a(lib_a-init.o)
                              /usr/lib/gcc/arm-none-eabi/7.3.1/../../../arm-none-eabi/lib/thumb/v7-m/crt0.o (__libc_init_array)
/usr/lib/gcc/arm-none-eabi/7.3.1/../../../arm-none-eabi/lib/thumb/v7-m/libc_nano.a(lib_a-memset.o)
                              /usr/lib/gcc/arm-none-eabi/7.3.1/../../../arm-none-eabi/lib/thumb/v7-m/crt0.o (memset)
/usr/lib/gcc/arm-none-eabi/7.3.1/../../../arm-none-eabi/lib/thumb/v7-m/libc_nano.a(lib_a-__atexit.o)
                              /usr/lib/gcc/arm-none-eabi/7.3.1/../../../arm-none-eabi/lib/thumb/v7-m/libc_nano.a(lib_a-atexit.o) (__register_exitproc)
/usr/lib/gcc/arm-none-eabi/7.3.1/../../../arm-none-eabi/lib/thumb/v7-m/libc_nano.a(lib_a-__call_atexit.o)
                              /usr/lib/gcc/arm-none-eabi/7.3.1/../../../arm-none-eabi/lib/thumb/v7-m/libc_nano.a(lib_a-__atexit.o) (__call_exitprocs)
/usr/lib/gcc/arm-none-eabi/7.3.1/../../../arm-none-eabi/lib/thumb/v7-m/libnosys.a(_exit.o)
                              /usr/lib/gcc/arm-none-eabi/7.3.1/../../../arm-none-eabi/lib/thumb/v7-m/libc_nano.a(lib_a-exit.o) (_exit)

Allocating common symbols
Common symbol       size              file

midiRxBuffer        0x64              build/midiControl.o

Discarded input sections

 .text          0x0000000000000000        0x0 /usr/lib/gcc/arm-none-eabi/7.3.1/thumb/v7-m/crti.o
 .data          0x0000000000000000        0x0 /usr/lib/gcc/arm-none-eabi/7.3.1/thumb/v7-m/crti.o
 .bss           0x0000000000000000        0x0 /usr/lib/gcc/arm-none-eabi/7.3.1/thumb/v7-m/crti.o
 .data          0x0000000000000000        0x4 /usr/lib/gcc/arm-none-eabi/7.3.1/thumb/v7-m/crtbegin.o
 .text          0x0000000000000000       0x68 /usr/lib/gcc/arm-none-eabi/7.3.1/../../../arm-none-eabi/lib/thumb/v7-m/crt0.o
 .data          0x0000000000000000        0x0 /usr/lib/gcc/arm-none-eabi/7.3.1/../../../arm-none-eabi/lib/thumb/v7-m/crt0.o
 .bss           0x0000000000000000        0x0 /usr/lib/gcc/arm-none-eabi/7.3.1/../../../arm-none-eabi/lib/thumb/v7-m/crt0.o
 .ARM.extab     0x0000000000000000        0x0 /usr/lib/gcc/arm-none-eabi/7.3.1/../../../arm-none-eabi/lib/thumb/v7-m/crt0.o
 .ARM.exidx     0x0000000000000000        0x8 /usr/lib/gcc/arm-none-eabi/7.3.1/../../../arm-none-eabi/lib/thumb/v7-m/crt0.o
 .debug_line    0x0000000000000000       0x81 /usr/lib/gcc/arm-none-eabi/7.3.1/../../../arm-none-eabi/lib/thumb/v7-m/crt0.o
 .debug_info    0x0000000000000000       0x26 /usr/lib/gcc/arm-none-eabi/7.3.1/../../../arm-none-eabi/lib/thumb/v7-m/crt0.o
 .debug_abbrev  0x0000000000000000       0x14 /usr/lib/gcc/arm-none-eabi/7.3.1/../../../arm-none-eabi/lib/thumb/v7-m/crt0.o
 .debug_aranges
                0x0000000000000000       0x20 /usr/lib/gcc/arm-none-eabi/7.3.1/../../../arm-none-eabi/lib/thumb/v7-m/crt0.o
 .debug_str     0x0000000000000000       0x82 /usr/lib/gcc/arm-none-eabi/7.3.1/../../../arm-none-eabi/lib/thumb/v7-m/crt0.o
 .ARM.attributes
                0x0000000000000000       0x1b /usr/lib/gcc/arm-none-eabi/7.3.1/../../../arm-none-eabi/lib/thumb/v7-m/crt0.o
 .group         0x0000000000000000        0xc build/main.o
 .group         0x0000000000000000        0xc build/main.o
 .group         0x0000000000000000        0xc build/main.o
 .group         0x0000000000000000        0xc build/main.o
 .group         0x0000000000000000        0xc build/main.o
 .group         0x0000000000000000        0xc build/main.o
 .group         0x0000000000000000        0xc build/main.o
 .group         0x0000000000000000        0xc build/main.o
 .group         0x0000000000000000        0xc build/main.o
 .group         0x0000000000000000        0xc build/main.o
 .group         0x0000000000000000        0xc build/main.o
 .group         0x0000000000000000        0xc build/main.o
 .group         0x0000000000000000        0xc build/main.o
 .group         0x0000000000000000        0xc build/main.o
 .group         0x0000000000000000        0xc build/main.o
[...]
Memory Configuration

Name             Origin             Length             Attributes
RAM              0x0000000020000000 0x0000000000005000 xrw
FLASH            0x0000000008000000 0x0000000000020000 xr
*default*        0x0000000000000000 0xffffffffffffffff

Linker script and memory map

LOAD /usr/lib/gcc/arm-none-eabi/7.3.1/thumb/v7-m/crti.o
LOAD /usr/lib/gcc/arm-none-eabi/7.3.1/thumb/v7-m/crtbegin.o
LOAD /usr/lib/gcc/arm-none-eabi/7.3.1/../../../arm-none-eabi/lib/thumb/v7-m/crt0.o
LOAD build/main.o
LOAD build/stm32f1xx_it.o
LOAD build/system_stm32f1xx.o
LOAD build/stm32f1xx_ll_gpio.o
LOAD build/stm32f1xx_ll_pwr.o
LOAD build/stm32f1xx_ll_exti.o
LOAD build/stm32f1xx_ll_tim.o
LOAD build/stm32f1xx_ll_dma.o
LOAD build/stm32f1xx_ll_usart.o
LOAD build/stm32f1xx_ll_rcc.o
LOAD build/stm32f1xx_ll_utils.o
LOAD build/midiControl.o
LOAD build/startup_stm32f103xb.o
LOAD /usr/lib/gcc/arm-none-eabi/7.3.1/../../../arm-none-eabi/lib/thumb/v7-m/libc_nano.a
LOAD /usr/lib/gcc/arm-none-eabi/7.3.1/../../../arm-none-eabi/lib/thumb/v7-m/libm.a
LOAD /usr/lib/gcc/arm-none-eabi/7.3.1/../../../arm-none-eabi/lib/thumb/v7-m/libnosys.a
START GROUP
LOAD /usr/lib/gcc/arm-none-eabi/7.3.1/thumb/v7-m/libgcc.a
LOAD /usr/lib/gcc/arm-none-eabi/7.3.1/../../../arm-none-eabi/lib/thumb/v7-m/libc_nano.a
END GROUP
START GROUP
LOAD /usr/lib/gcc/arm-none-eabi/7.3.1/thumb/v7-m/libgcc.a
LOAD /usr/lib/gcc/arm-none-eabi/7.3.1/../../../arm-none-eabi/lib/thumb/v7-m/libc_nano.a
END GROUP
LOAD /usr/lib/gcc/arm-none-eabi/7.3.1/thumb/v7-m/crtend.o
LOAD /usr/lib/gcc/arm-none-eabi/7.3.1/thumb/v7-m/crtn.o
                0x0000000020005000                _estack = 0x20005000
                0x0000000000000200                _Min_Heap_Size = 0x200
                0x0000000000000400                _Min_Stack_Size = 0x400

.isr_vector     0x0000000008000000      0x10c
                0x0000000008000000                . = ALIGN (0x4)
 *(.isr_vector)
 .isr_vector    0x0000000008000000      0x10c build/startup_stm32f103xb.o
                0x0000000008000000                g_pfnVectors
                0x000000000800010c                . = ALIGN (0x4)

.text           0x000000000800010c     0x1854
                0x000000000800010c                . = ALIGN (0x4)
 *(.text)
 .text          0x000000000800010c       0x88 /usr/lib/gcc/arm-none-eabi/7.3.1/thumb/v7-m/crtbegin.o
 .text          0x0000000008000194       0x48 /usr/lib/gcc/arm-none-eabi/7.3.1/../../../arm-none-eabi/lib/thumb/v7-m/libc_nano.a(lib_a-init.o)
                0x0000000008000194                __libc_init_array
 *(.text*)
 .text.NVIC_SetPriorityGrouping
                0x00000000080001dc       0x48 build/main.o
 .text.NVIC_GetPriorityGrouping
                0x0000000008000224       0x1c build/main.o
 .text.NVIC_EnableIRQ
                0x0000000008000240       0x30 build/main.o
 .text.NVIC_ClearPendingIRQ
                0x0000000008000270       0x34 build/main.o
 .text.NVIC_SetPriority
                0x00000000080002a4       0x54 build/main.o
 .text.NVIC_EncodePriority
                0x00000000080002f8       0x64 build/main.o
 .text.LL_RCC_HSI_Enable
                0x000000000800035c       0x1c build/main.o
 .text.LL_RCC_HSI_IsReady
                0x0000000008000378       0x24 build/main.o
 .text.LL_RCC_HSI_SetCalibTrimming
                0x000000000800039c       0x28 build/main.o
 .text.LL_RCC_SetSysClkSource
                0x00000000080003c4       0x28 build/main.o
 .text.LL_RCC_GetSysClkSource
                0x00000000080003ec       0x18 build/main.o
 .text.LL_RCC_SetAHBPrescaler
                0x0000000008000404       0x28 build/main.o
 .text.LL_RCC_SetAPB1Prescaler
                0x000000000800042c       0x28 build/main.o
 .text.LL_RCC_SetAPB2Prescaler
                0x0000000008000454       0x28 build/main.o
 .text.LL_RCC_PLL_Enable
                0x000000000800047c       0x1c build/main.o
 .text.LL_RCC_PLL_IsReady
                0x0000000008000498       0x24 build/main.o
 .text.LL_RCC_PLL_ConfigDomain_SYS
                0x00000000080004bc       0x30 build/main.o
 .text.LL_APB1_GRP1_EnableClock
                0x00000000080004ec       0x30 build/main.o
 .text.LL_APB2_GRP1_EnableClock
                0x000000000800051c       0x30 build/main.o
 .text.LL_FLASH_SetLatency
                0x000000000800054c       0x28 build/main.o
 .text.LL_FLASH_GetLatency
                0x0000000008000574       0x18 build/main.o
 .text.LL_SYSTICK_SetClkSource
                0x000000000800058c       0x38 build/main.o
 .text.LL_TIM_EnableARRPreload
                0x00000000080005c4       0x1e build/main.o
 .text.LL_TIM_SetClockSource
                0x00000000080005e2       0x28 build/main.o
 .text.LL_TIM_SetTriggerOutput
                0x000000000800060a       0x24 build/main.o
 .text.LL_TIM_DisableMasterSlaveMode
                0x000000000800062e       0x1e build/main.o
 .text.LL_USART_Enable
                0x000000000800064c       0x1e build/main.o
 .text.LL_USART_ConfigAsyncMode
                0x000000000800066a       0x2a build/main.o
 .text.LL_USART_ConfigHalfDuplexMode
                0x0000000008000694       0x36 build/main.o
 .text.LL_USART_EnableIT_RXNE
                0x00000000080006ca       0x1e build/main.o
 .text.LL_USART_EnableIT_TXE
                0x00000000080006e8       0x1e build/main.o
 .text.LL_GPIO_SetPinMode
                0x0000000008000706       0x60 build/main.o
 .text.LL_GPIO_SetOutputPin
                0x0000000008000766       0x1e build/main.o
 .text.LL_GPIO_ResetOutputPin
                0x0000000008000784       0x1e build/main.o
 *fill*         0x00000000080007a2        0x2 
 .text.LL_GPIO_AF_EnableRemap_SWJ
                0x00000000080007a4       0x24 build/main.o
 .text.LL_GPIO_AF_SetEXTISource
                0x00000000080007c8       0x54 build/main.o
 .text.main     0x000000000800081c       0xb0 build/main.o
                0x000000000800081c                main
 .text.SystemClock_Config
                0x00000000080008cc       0x88 build/main.o
                0x00000000080008cc                SystemClock_Config
 .text.MX_NVIC_Init
                0x0000000008000954       0x48 build/main.o
 .text.MX_TIM2_Init
                0x000000000800099c       0x64 build/main.o
 .text.MX_USART1_UART_Init
                0x0000000008000a00       0xac build/main.o
 .text.MX_USART2_UART_Init
                0x0000000008000aac       0x90 build/main.o
 .text.MX_GPIO_Init
                0x0000000008000b3c      0x164 build/main.o
 .text.Error_Handler
                0x0000000008000ca0        0xc build/main.o
                0x0000000008000ca0                Error_Handler
 .text.NVIC_ClearPendingIRQ
                0x0000000008000cac       0x34 build/stm32f1xx_it.o
 .text.LL_USART_IsActiveFlag_RXNE
                0x0000000008000ce0       0x24 build/stm32f1xx_it.o
 .text.LL_USART_IsActiveFlag_TC
                0x0000000008000d04       0x24 build/stm32f1xx_it.o
 .text.LL_USART_ReceiveData8
                0x0000000008000d28       0x18 build/stm32f1xx_it.o
 .text.LL_USART_TransmitData8
                0x0000000008000d40       0x1c build/stm32f1xx_it.o
 .text.NMI_Handler
                0x0000000008000d5c        0xc build/stm32f1xx_it.o
                0x0000000008000d5c                NMI_Handler
 .text.HardFault_Handler
                0x0000000008000d68        0x6 build/stm32f1xx_it.o
                0x0000000008000d68                HardFault_Handler
 .text.MemManage_Handler
                0x0000000008000d6e        0x6 build/stm32f1xx_it.o
                0x0000000008000d6e                MemManage_Handler
 .text.BusFault_Handler
                0x0000000008000d74        0x6 build/stm32f1xx_it.o
                0x0000000008000d74                BusFault_Handler
 .text.UsageFault_Handler
                0x0000000008000d7a        0x6 build/stm32f1xx_it.o
                0x0000000008000d7a                UsageFault_Handler
 .text.SVC_Handler
                0x0000000008000d80        0xc build/stm32f1xx_it.o
                0x0000000008000d80                SVC_Handler
 .text.DebugMon_Handler
                0x0000000008000d8c        0xc build/stm32f1xx_it.o
                0x0000000008000d8c                DebugMon_Handler
 .text.PendSV_Handler
                0x0000000008000d98        0xc build/stm32f1xx_it.o
                0x0000000008000d98                PendSV_Handler
 .text.SysTick_Handler
                0x0000000008000da4        0xc build/stm32f1xx_it.o
                0x0000000008000da4                SysTick_Handler
 .text.TIM2_IRQHandler
                0x0000000008000db0        0xe build/stm32f1xx_it.o
                0x0000000008000db0                TIM2_IRQHandler
 *fill*         0x0000000008000dbe        0x2 
 .text.USART1_IRQHandler
                0x0000000008000dc0       0xb0 build/stm32f1xx_it.o
                0x0000000008000dc0                USART1_IRQHandler
 .text.SystemInit
                0x0000000008000e70       0x68 build/system_stm32f1xx.o
                0x0000000008000e70                SystemInit
 .text.LL_GPIO_SetPinMode
                0x0000000008000ed8       0x60 build/stm32f1xx_ll_gpio.o
 .text.LL_GPIO_SetPinSpeed
                0x0000000008000f38       0x60 build/stm32f1xx_ll_gpio.o
 .text.LL_GPIO_SetPinOutputType
                0x0000000008000f98       0x60 build/stm32f1xx_ll_gpio.o
 .text.LL_GPIO_SetPinPull
                0x0000000008000ff8       0x42 build/stm32f1xx_ll_gpio.o
 .text.LL_GPIO_Init
                0x000000000800103a       0xc2 build/stm32f1xx_ll_gpio.o
                0x000000000800103a                LL_GPIO_Init
 .text.LL_EXTI_EnableIT_0_31
                0x00000000080010fc       0x24 build/stm32f1xx_ll_exti.o
 .text.LL_EXTI_DisableIT_0_31
                0x0000000008001120       0x24 build/stm32f1xx_ll_exti.o
 .text.LL_EXTI_EnableEvent_0_31
                0x0000000008001144       0x24 build/stm32f1xx_ll_exti.o
 .text.LL_EXTI_DisableEvent_0_31
                0x0000000008001168       0x24 build/stm32f1xx_ll_exti.o
 .text.LL_EXTI_EnableRisingTrig_0_31
                0x000000000800118c       0x24 build/stm32f1xx_ll_exti.o
 .text.LL_EXTI_DisableRisingTrig_0_31
                0x00000000080011b0       0x24 build/stm32f1xx_ll_exti.o
 .text.LL_EXTI_EnableFallingTrig_0_31
                0x00000000080011d4       0x24 build/stm32f1xx_ll_exti.o
 .text.LL_EXTI_DisableFallingTrig_0_31
                0x00000000080011f8       0x24 build/stm32f1xx_ll_exti.o
 .text.LL_EXTI_Init
                0x000000000800121c       0xf8 build/stm32f1xx_ll_exti.o
                0x000000000800121c                LL_EXTI_Init
 .text.LL_TIM_SetPrescaler
                0x0000000008001314       0x1a build/stm32f1xx_ll_tim.o
 .text.LL_TIM_SetAutoReload
                0x000000000800132e       0x1a build/stm32f1xx_ll_tim.o
 .text.LL_TIM_SetRepetitionCounter
                0x0000000008001348       0x1a build/stm32f1xx_ll_tim.o
 .text.LL_TIM_GenerateEvent_UPDATE
                0x0000000008001362       0x1e build/stm32f1xx_ll_tim.o
 .text.LL_TIM_Init
                0x0000000008001380       0xc0 build/stm32f1xx_ll_tim.o
                0x0000000008001380                LL_TIM_Init
 .text.LL_USART_IsEnabled
                0x0000000008001440       0x26 build/stm32f1xx_ll_usart.o
 .text.LL_USART_SetStopBitsLength
                0x0000000008001466       0x24 build/stm32f1xx_ll_usart.o
 .text.LL_USART_SetHWFlowCtrl
                0x000000000800148a       0x24 build/stm32f1xx_ll_usart.o
 *fill*         0x00000000080014ae        0x2 
 .text.LL_USART_SetBaudRate
                0x00000000080014b0       0xbc build/stm32f1xx_ll_usart.o
 .text.LL_USART_Init
                0x000000000800156c       0xc0 build/stm32f1xx_ll_usart.o
                0x000000000800156c                LL_USART_Init
 .text.LL_RCC_GetSysClkSource
                0x000000000800162c       0x18 build/stm32f1xx_ll_rcc.o
 .text.LL_RCC_GetAHBPrescaler
                0x0000000008001644       0x18 build/stm32f1xx_ll_rcc.o
 .text.LL_RCC_GetAPB1Prescaler
                0x000000000800165c       0x18 build/stm32f1xx_ll_rcc.o
 .text.LL_RCC_GetAPB2Prescaler
                0x0000000008001674       0x18 build/stm32f1xx_ll_rcc.o
 .text.LL_RCC_PLL_GetMainSource
                0x000000000800168c       0x18 build/stm32f1xx_ll_rcc.o
 .text.LL_RCC_PLL_GetMultiplicator
                0x00000000080016a4       0x18 build/stm32f1xx_ll_rcc.o
 .text.LL_RCC_PLL_GetPrediv
                0x00000000080016bc       0x1c build/stm32f1xx_ll_rcc.o
 .text.LL_RCC_GetSystemClocksFreq
                0x00000000080016d8       0x4a build/stm32f1xx_ll_rcc.o
                0x00000000080016d8                LL_RCC_GetSystemClocksFreq
 *fill*         0x0000000008001722        0x2 
 .text.RCC_GetSystemClockFreq
                0x0000000008001724       0x48 build/stm32f1xx_ll_rcc.o
                0x0000000008001724                RCC_GetSystemClockFreq
 .text.RCC_GetHCLKClockFreq
                0x000000000800176c       0x2c build/stm32f1xx_ll_rcc.o
                0x000000000800176c                RCC_GetHCLKClockFreq
 .text.RCC_GetPCLK1ClockFreq
                0x0000000008001798       0x28 build/stm32f1xx_ll_rcc.o
                0x0000000008001798                RCC_GetPCLK1ClockFreq
 .text.RCC_GetPCLK2ClockFreq
                0x00000000080017c0       0x28 build/stm32f1xx_ll_rcc.o
                0x00000000080017c0                RCC_GetPCLK2ClockFreq
 .text.RCC_PLL_GetFreqDomain_SYS
                0x00000000080017e8       0x60 build/stm32f1xx_ll_rcc.o
                0x00000000080017e8                RCC_PLL_GetFreqDomain_SYS
 .text.LL_InitTick
                0x0000000008001848       0x34 build/stm32f1xx_ll_utils.o
 .text.LL_Init1msTick
                0x000000000800187c       0x1a build/stm32f1xx_ll_utils.o
                0x000000000800187c                LL_Init1msTick
 *fill*         0x0000000008001896        0x2 
 .text.LL_mDelay
                0x0000000008001898       0x48 build/stm32f1xx_ll_utils.o
                0x0000000008001898                LL_mDelay
 .text.LL_SetSystemCoreClock
                0x00000000080018e0       0x1c build/stm32f1xx_ll_utils.o
                0x00000000080018e0                LL_SetSystemCoreClock
 .text.Reset_Handler
                0x00000000080018fc       0x48 build/startup_stm32f103xb.o
                0x00000000080018fc                Reset_Handler
 .text.Default_Handler
                0x0000000008001944        0x2 build/startup_stm32f103xb.o
                0x0000000008001944                RTC_Alarm_IRQHandler
                0x0000000008001944                EXTI2_IRQHandler
                0x0000000008001944                TIM1_CC_IRQHandler
                0x0000000008001944                PVD_IRQHandler
                0x0000000008001944                EXTI3_IRQHandler
                0x0000000008001944                EXTI0_IRQHandler
                0x0000000008001944                I2C2_EV_IRQHandler
                0x0000000008001944                ADC1_2_IRQHandler
                0x0000000008001944                SPI1_IRQHandler
                0x0000000008001944                TAMPER_IRQHandler
                0x0000000008001944                DMA1_Channel4_IRQHandler
                0x0000000008001944                USART3_IRQHandler
                0x0000000008001944                RTC_IRQHandler
                0x0000000008001944                DMA1_Channel7_IRQHandler
                0x0000000008001944                CAN1_RX1_IRQHandler
                0x0000000008001944                TIM4_IRQHandler
                0x0000000008001944                I2C1_EV_IRQHandler
                0x0000000008001944                DMA1_Channel6_IRQHandler
                0x0000000008001944                TIM3_IRQHandler
                0x0000000008001944                RCC_IRQHandler
                0x0000000008001944                TIM1_TRG_COM_IRQHandler
                0x0000000008001944                DMA1_Channel1_IRQHandler
                0x0000000008001944                Default_Handler
                0x0000000008001944                EXTI15_10_IRQHandler
                0x0000000008001944                EXTI9_5_IRQHandler
                0x0000000008001944                SPI2_IRQHandler
                0x0000000008001944                DMA1_Channel5_IRQHandler
                0x0000000008001944                EXTI4_IRQHandler
                0x0000000008001944                USB_LP_CAN1_RX0_IRQHandler
                0x0000000008001944                USB_HP_CAN1_TX_IRQHandler
                0x0000000008001944                DMA1_Channel3_IRQHandler
                0x0000000008001944                TIM1_UP_IRQHandler
                0x0000000008001944                WWDG_IRQHandler
                0x0000000008001944                TIM1_BRK_IRQHandler
                0x0000000008001944                EXTI1_IRQHandler
                0x0000000008001944                USART2_IRQHandler
                0x0000000008001944                I2C2_ER_IRQHandler
                0x0000000008001944                DMA1_Channel2_IRQHandler
                0x0000000008001944                CAN1_SCE_IRQHandler
                0x0000000008001944                FLASH_IRQHandler
                0x0000000008001944                I2C1_ER_IRQHandler
                0x0000000008001944                USBWakeUp_IRQHandler
 *(.glue_7)
 .glue_7        0x0000000008001946        0x0 linker stubs
 *(.glue_7t)
 .glue_7t       0x0000000008001946        0x0 linker stubs
 *(.eh_frame)
 *fill*         0x0000000008001946        0x2 
 .eh_frame      0x0000000008001948        0x0 /usr/lib/gcc/arm-none-eabi/7.3.1/thumb/v7-m/crtbegin.o
 *(.init)
 .init          0x0000000008001948        0x4 /usr/lib/gcc/arm-none-eabi/7.3.1/thumb/v7-m/crti.o
                0x0000000008001948                _init
 .init          0x000000000800194c        0x8 /usr/lib/gcc/arm-none-eabi/7.3.1/thumb/v7-m/crtn.o
 *(.fini)
 .fini          0x0000000008001954        0x4 /usr/lib/gcc/arm-none-eabi/7.3.1/thumb/v7-m/crti.o
                0x0000000008001954                _fini
 .fini          0x0000000008001958        0x8 /usr/lib/gcc/arm-none-eabi/7.3.1/thumb/v7-m/crtn.o
                0x0000000008001960                . = ALIGN (0x4)
                0x0000000008001960                _etext = .

.vfp11_veneer   0x0000000008001960        0x0
 .vfp11_veneer  0x0000000008001960        0x0 linker stubs

.v4_bx          0x0000000008001960        0x0
 .v4_bx         0x0000000008001960        0x0 linker stubs

.iplt           0x0000000008001960        0x0
 .iplt          0x0000000008001960        0x0 /usr/lib/gcc/arm-none-eabi/7.3.1/thumb/v7-m/crtbegin.o

.rodata         0x0000000008001960       0x18
                0x0000000008001960                . = ALIGN (0x4)
 *(.rodata)
 *(.rodata*)
 .rodata.AHBPrescTable
                0x0000000008001960       0x10 build/system_stm32f1xx.o
                0x0000000008001960                AHBPrescTable
 .rodata.APBPrescTable
                0x0000000008001970        0x8 build/system_stm32f1xx.o
                0x0000000008001970                APBPrescTable
                0x0000000008001978                . = ALIGN (0x4)

.rel.dyn        0x0000000008001978        0x0
 .rel.iplt      0x0000000008001978        0x0 /usr/lib/gcc/arm-none-eabi/7.3.1/thumb/v7-m/crtbegin.o

.ARM.extab
 *(.ARM.extab* .gnu.linkonce.armextab.*)

.ARM            0x0000000008001978        0x0
                0x0000000008001978                __exidx_start = .
 *(.ARM.exidx*)
                0x0000000008001978                __exidx_end = .

.preinit_array  0x0000000008001978        0x0
                0x0000000008001978                PROVIDE (__preinit_array_start = .)
 *(.preinit_array*)
                0x0000000008001978                PROVIDE (__preinit_array_end = .)

.init_array     0x0000000008001978        0x4
                0x0000000008001978                PROVIDE (__init_array_start = .)
 *(SORT_BY_NAME(.init_array.*))
 *(.init_array*)
 .init_array    0x0000000008001978        0x4 /usr/lib/gcc/arm-none-eabi/7.3.1/thumb/v7-m/crtbegin.o
                0x000000000800197c                PROVIDE (__init_array_end = .)

.fini_array     0x000000000800197c        0x4
                0x000000000800197c                PROVIDE (__fini_array_start = .)
 *(SORT_BY_NAME(.fini_array.*))
 *(.fini_array*)
 .fini_array    0x000000000800197c        0x4 /usr/lib/gcc/arm-none-eabi/7.3.1/thumb/v7-m/crtbegin.o
                0x0000000008001980                PROVIDE (__fini_array_end = .)
                0x0000000008001980                _sidata = LOADADDR (.data)

.data           0x0000000020000000        0x4 load address 0x0000000008001980
                0x0000000020000000                . = ALIGN (0x4)
                0x0000000020000000                _sdata = .
 *(.data)
 *(.data*)
 .data.SystemCoreClock
                0x0000000020000000        0x4 build/system_stm32f1xx.o
                0x0000000020000000                SystemCoreClock
                0x0000000020000004                . = ALIGN (0x4)
                0x0000000020000004                _edata = .

.tm_clone_table
                0x0000000020000004        0x0 load address 0x0000000008001984
 .tm_clone_table
                0x0000000020000004        0x0 /usr/lib/gcc/arm-none-eabi/7.3.1/thumb/v7-m/crtbegin.o
 .tm_clone_table
                0x0000000020000004        0x0 /usr/lib/gcc/arm-none-eabi/7.3.1/thumb/v7-m/crtend.o

.igot.plt       0x0000000020000004        0x0 load address 0x0000000008001984
 .igot.plt      0x0000000020000004        0x0 /usr/lib/gcc/arm-none-eabi/7.3.1/thumb/v7-m/crtbegin.o
                0x0000000020000004                . = ALIGN (0x4)

.bss            0x0000000020000004       0x88 load address 0x0000000008001984
                0x0000000020000004                _sbss = .
                0x0000000020000004                __bss_start__ = _sbss
 *(.bss)
 .bss           0x0000000020000004       0x1c /usr/lib/gcc/arm-none-eabi/7.3.1/thumb/v7-m/crtbegin.o
 *(.bss*)
 .bss.midiRxBufferStartIndex
                0x0000000020000020        0x4 build/midiControl.o
                0x0000000020000020                midiRxBufferStartIndex
 .bss.midiRxBufferEndIndex
                0x0000000020000024        0x4 build/midiControl.o
                0x0000000020000024                midiRxBufferEndIndex
 *(COMMON)
 COMMON         0x0000000020000028       0x64 build/midiControl.o
                0x0000000020000028                midiRxBuffer
                0x000000002000008c                . = ALIGN (0x4)
                0x000000002000008c                _ebss = .
                0x000000002000008c                __bss_end__ = _ebss

._user_heap_stack
                0x000000002000008c      0x604 load address 0x0000000008001984
                0x0000000020000090                . = ALIGN (0x8)
 *fill*         0x000000002000008c        0x4 
                [!provide]                        PROVIDE (end = .)
                [!provide]                        PROVIDE (_end = .)
                0x0000000020000290                . = (. + _Min_Heap_Size)
 *fill*         0x0000000020000090      0x200 
                0x0000000020000690                . = (. + _Min_Stack_Size)
 *fill*         0x0000000020000290      0x400 
                0x0000000020000690                . = ALIGN (0x8)

/DISCARD/
 libc.a(*)
 libm.a(*)
 libgcc.a(*)

.ARM.attributes
                0x0000000000000000       0x29
 *(.ARM.attributes)
 .ARM.attributes
                0x0000000000000000       0x1d /usr/lib/gcc/arm-none-eabi/7.3.1/thumb/v7-m/crti.o
 .ARM.attributes
                0x000000000000001d       0x2d /usr/lib/gcc/arm-none-eabi/7.3.1/thumb/v7-m/crtbegin.o
 .ARM.attributes
                0x000000000000004a       0x33 build/main.o
 .ARM.attributes
                0x000000000000007d       0x33 build/stm32f1xx_it.o
 .ARM.attributes
                0x00000000000000b0       0x33 build/system_stm32f1xx.o
 .ARM.attributes
                0x00000000000000e3       0x33 build/stm32f1xx_ll_gpio.o
 .ARM.attributes
                0x0000000000000116       0x33 build/stm32f1xx_ll_exti.o
 .ARM.attributes
                0x0000000000000149       0x33 build/stm32f1xx_ll_tim.o
 .ARM.attributes
                0x000000000000017c       0x33 build/stm32f1xx_ll_usart.o
 .ARM.attributes
                0x00000000000001af       0x33 build/stm32f1xx_ll_rcc.o
 .ARM.attributes
                0x00000000000001e2       0x33 build/stm32f1xx_ll_utils.o
 .ARM.attributes
                0x0000000000000215       0x33 build/midiControl.o
 .ARM.attributes
                0x0000000000000248       0x21 build/startup_stm32f103xb.o
 .ARM.attributes
                0x0000000000000269       0x2d /usr/lib/gcc/arm-none-eabi/7.3.1/../../../arm-none-eabi/lib/thumb/v7-m/libc_nano.a(lib_a-init.o)
 .ARM.attributes
                0x0000000000000296       0x2d /usr/lib/gcc/arm-none-eabi/7.3.1/thumb/v7-m/crtend.o
 .ARM.attributes
                0x00000000000002c3       0x1d /usr/lib/gcc/arm-none-eabi/7.3.1/thumb/v7-m/crtn.o
OUTPUT(build/stm32.elf elf32-littlearm)

.comment        0x0000000000000000       0xae
 .comment       0x0000000000000000       0x57 /usr/lib/gcc/arm-none-eabi/7.3.1/thumb/v7-m/crtbegin.o
                                         0x58 (size before relaxing)
 .comment       0x0000000000000057       0x58 build/main.o
 .comment       0x0000000000000057       0x58 build/stm32f1xx_it.o
 .comment       0x0000000000000057       0x58 build/system_stm32f1xx.o
 .comment       0x0000000000000057       0x58 build/stm32f1xx_ll_gpio.o
 .comment       0x0000000000000057       0x58 build/stm32f1xx_ll_exti.o
 .comment       0x0000000000000057       0x58 build/stm32f1xx_ll_tim.o
 .comment       0x0000000000000057       0x58 build/stm32f1xx_ll_usart.o
 .comment       0x0000000000000057       0x58 build/stm32f1xx_ll_rcc.o
 .comment       0x0000000000000057       0x58 build/stm32f1xx_ll_utils.o
 .comment       0x0000000000000057       0x58 build/midiControl.o
 .comment       0x0000000000000057       0x57 /usr/lib/gcc/arm-none-eabi/7.3.1/../../../arm-none-eabi/lib/thumb/v7-m/libc_nano.a(lib_a-init.o)
                                         0x58 (size before relaxing)
 .comment       0x00000000000000ae       0x58 /usr/lib/gcc/arm-none-eabi/7.3.1/thumb/v7-m/crtend.o

.debug_info     0x0000000000000000     0x518f
 .debug_info    0x0000000000000000     0x1480 build/main.o
 .debug_info    0x0000000000001480      0x6ec build/stm32f1xx_it.o
 .debug_info    0x0000000000001b6c      0x43e build/system_stm32f1xx.o
 .debug_info    0x0000000000001faa      0x6d0 build/stm32f1xx_ll_gpio.o
 .debug_info    0x000000000000267a      0x3f9 build/stm32f1xx_ll_exti.o
 .debug_info    0x0000000000002a73      0xf26 build/stm32f1xx_ll_tim.o
 .debug_info    0x0000000000003999      0x692 build/stm32f1xx_ll_usart.o
 .debug_info    0x000000000000402b      0x626 build/stm32f1xx_ll_rcc.o
 .debug_info    0x0000000000004651      0x82c build/stm32f1xx_ll_utils.o
 .debug_info    0x0000000000004e7d      0x1e7 build/midiControl.o
 .debug_info    0x0000000000005064       0x22 build/startup_stm32f103xb.o
 .debug_info    0x0000000000005086      0x109 /usr/lib/gcc/arm-none-eabi/7.3.1/../../../arm-none-eabi/lib/thumb/v7-m/libc_nano.a(lib_a-init.o)

.debug_abbrev   0x0000000000000000     0x12c8
 .debug_abbrev  0x0000000000000000      0x2c6 build/main.o
 .debug_abbrev  0x00000000000002c6      0x1ad build/stm32f1xx_it.o
 .debug_abbrev  0x0000000000000473      0x136 build/system_stm32f1xx.o
 .debug_abbrev  0x00000000000005a9      0x212 build/stm32f1xx_ll_gpio.o
 .debug_abbrev  0x00000000000007bb      0x1a0 build/stm32f1xx_ll_exti.o
 .debug_abbrev  0x000000000000095b      0x201 build/stm32f1xx_ll_tim.o
 .debug_abbrev  0x0000000000000b5c      0x1b3 build/stm32f1xx_ll_usart.o
 .debug_abbrev  0x0000000000000d0f      0x227 build/stm32f1xx_ll_rcc.o
 .debug_abbrev  0x0000000000000f36      0x22d build/stm32f1xx_ll_utils.o
 .debug_abbrev  0x0000000000001163       0x99 build/midiControl.o
 .debug_abbrev  0x00000000000011fc       0x12 build/startup_stm32f103xb.o
 .debug_abbrev  0x000000000000120e       0xba /usr/lib/gcc/arm-none-eabi/7.3.1/../../../arm-none-eabi/lib/thumb/v7-m/libc_nano.a(lib_a-init.o)

.debug_loc      0x0000000000000000     0x3ad6
 .debug_loc     0x0000000000000000      0xe44 build/main.o
 .debug_loc     0x0000000000000e44      0x44c build/stm32f1xx_it.o
 .debug_loc     0x0000000000001290       0xa0 build/system_stm32f1xx.o
 .debug_loc     0x0000000000001330      0x324 build/stm32f1xx_ll_gpio.o
 .debug_loc     0x0000000000001654      0x3d0 build/stm32f1xx_ll_exti.o
 .debug_loc     0x0000000000001a24      0xbc0 build/stm32f1xx_ll_tim.o
 .debug_loc     0x00000000000025e4      0x4e4 build/stm32f1xx_ll_usart.o
 .debug_loc     0x0000000000002ac8      0x708 build/stm32f1xx_ll_rcc.o
 .debug_loc     0x00000000000031d0      0x864 build/stm32f1xx_ll_utils.o
 .debug_loc     0x0000000000003a34       0xa2 /usr/lib/gcc/arm-none-eabi/7.3.1/../../../arm-none-eabi/lib/thumb/v7-m/libc_nano.a(lib_a-init.o)

.debug_aranges  0x0000000000000000      0x6e0
 .debug_aranges
                0x0000000000000000      0x178 build/main.o
 .debug_aranges
                0x0000000000000178       0x98 build/stm32f1xx_it.o
 .debug_aranges
                0x0000000000000210       0x28 build/system_stm32f1xx.o
 .debug_aranges
                0x0000000000000238       0x60 build/stm32f1xx_ll_gpio.o
 .debug_aranges
                0x0000000000000298       0x70 build/stm32f1xx_ll_exti.o
 .debug_aranges
                0x0000000000000308      0x128 build/stm32f1xx_ll_tim.o
 .debug_aranges
                0x0000000000000430       0x88 build/stm32f1xx_ll_usart.o
 .debug_aranges
                0x00000000000004b8       0xd8 build/stm32f1xx_ll_rcc.o
 .debug_aranges
                0x0000000000000590       0xf0 build/stm32f1xx_ll_utils.o
 .debug_aranges
                0x0000000000000680       0x18 build/midiControl.o
 .debug_aranges
                0x0000000000000698       0x28 build/startup_stm32f103xb.o
 .debug_aranges
                0x00000000000006c0       0x20 /usr/lib/gcc/arm-none-eabi/7.3.1/../../../arm-none-eabi/lib/thumb/v7-m/libc_nano.a(lib_a-init.o)

.debug_ranges   0x0000000000000000      0x610
 .debug_ranges  0x0000000000000000      0x168 build/main.o
 .debug_ranges  0x0000000000000168       0x88 build/stm32f1xx_it.o
 .debug_ranges  0x00000000000001f0       0x18 build/system_stm32f1xx.o
 .debug_ranges  0x0000000000000208       0x50 build/stm32f1xx_ll_gpio.o
 .debug_ranges  0x0000000000000258       0x60 build/stm32f1xx_ll_exti.o
 .debug_ranges  0x00000000000002b8      0x118 build/stm32f1xx_ll_tim.o
 .debug_ranges  0x00000000000003d0       0x78 build/stm32f1xx_ll_usart.o
 .debug_ranges  0x0000000000000448       0xc8 build/stm32f1xx_ll_rcc.o
 .debug_ranges  0x0000000000000510       0xe0 build/stm32f1xx_ll_utils.o
 .debug_ranges  0x00000000000005f0       0x20 build/startup_stm32f103xb.o

.debug_macro    0x0000000000000000    0x12f07
 .debug_macro   0x0000000000000000      0x13b build/main.o
 .debug_macro   0x000000000000013b      0xa84 build/main.o
 .debug_macro   0x0000000000000bbf       0x22 build/main.o
 .debug_macro   0x0000000000000be1       0x8e build/main.o
 .debug_macro   0x0000000000000c6f       0x51 build/main.o
 .debug_macro   0x0000000000000cc0       0xef build/main.o
 .debug_macro   0x0000000000000daf       0x6a build/main.o
 .debug_macro   0x0000000000000e19      0x1df build/main.o
 .debug_macro   0x0000000000000ff8       0x2e build/main.o
 .debug_macro   0x0000000000001026       0x22 build/main.o
 .debug_macro   0x0000000000001048       0x3a build/main.o
 .debug_macro   0x0000000000001082       0x34 build/main.o
 .debug_macro   0x00000000000010b6      0xb8e build/main.o
 .debug_macro   0x0000000000001c44     0xe911 build/main.o
 .debug_macro   0x0000000000010555       0x43 build/main.o
 .debug_macro   0x0000000000010598      0x2c0 build/main.o
 .debug_macro   0x0000000000010858       0xe1 build/main.o
 .debug_macro   0x0000000000010939       0x78 build/main.o
 .debug_macro   0x00000000000109b1       0xd0 build/main.o
 .debug_macro   0x0000000000010a81       0x28 build/main.o
 .debug_macro   0x0000000000010aa9       0x2a build/main.o
 .debug_macro   0x0000000000010ad3       0x90 build/main.o
 .debug_macro   0x0000000000010b63      0x287 build/main.o
 .debug_macro   0x0000000000010dea      0x582 build/main.o
 .debug_macro   0x000000000001136c      0x1ad build/main.o
 .debug_macro   0x0000000000011519      0x238 build/main.o
 .debug_macro   0x0000000000011751       0xe2 build/main.o
 .debug_macro   0x0000000000011833      0x144 build/stm32f1xx_it.o
 .debug_macro   0x0000000000011977       0x10 build/stm32f1xx_it.o
 .debug_macro   0x0000000000011987       0xc5 build/system_stm32f1xx.o
 .debug_macro   0x0000000000011a4c       0x34 build/system_stm32f1xx.o
 .debug_macro   0x0000000000011a80       0xfb build/stm32f1xx_ll_gpio.o
 .debug_macro   0x0000000000011b7b      0x232 build/stm32f1xx_ll_gpio.o
 .debug_macro   0x0000000000011dad       0xe6 build/stm32f1xx_ll_exti.o
 .debug_macro   0x0000000000011e93       0xca build/stm32f1xx_ll_exti.o
 .debug_macro   0x0000000000011f5d      0x14f build/stm32f1xx_ll_tim.o
 .debug_macro   0x00000000000120ac      0x57c build/stm32f1xx_ll_tim.o
 .debug_macro   0x0000000000012628      0x128 build/stm32f1xx_ll_usart.o
 .debug_macro   0x0000000000012750      0x1a7 build/stm32f1xx_ll_usart.o
 .debug_macro   0x00000000000128f7      0x2c6 build/stm32f1xx_ll_usart.o
 .debug_macro   0x0000000000012bbd       0xe0 build/stm32f1xx_ll_rcc.o
 .debug_macro   0x0000000000012c9d      0x138 build/stm32f1xx_ll_utils.o
 .debug_macro   0x0000000000012dd5      0x132 build/midiControl.o

.debug_line     0x0000000000000000     0x2b39
 .debug_line    0x0000000000000000      0x77d build/main.o
 .debug_line    0x000000000000077d      0x46e build/stm32f1xx_it.o
 .debug_line    0x0000000000000beb      0x216 build/system_stm32f1xx.o
 .debug_line    0x0000000000000e01      0x385 build/stm32f1xx_ll_gpio.o
 .debug_line    0x0000000000001186      0x317 build/stm32f1xx_ll_exti.o
 .debug_line    0x000000000000149d      0x5f8 build/stm32f1xx_ll_tim.o
 .debug_line    0x0000000000001a95      0x395 build/stm32f1xx_ll_usart.o
 .debug_line    0x0000000000001e2a      0x439 build/stm32f1xx_ll_rcc.o
 .debug_line    0x0000000000002263      0x4b4 build/stm32f1xx_ll_utils.o
 .debug_line    0x0000000000002717      0x2f6 build/midiControl.o
 .debug_line    0x0000000000002a0d       0x72 build/startup_stm32f103xb.o
 .debug_line    0x0000000000002a7f       0xba /usr/lib/gcc/arm-none-eabi/7.3.1/../../../arm-none-eabi/lib/thumb/v7-m/libc_nano.a(lib_a-init.o)

.debug_str      0x0000000000000000    0x61856
 .debug_str     0x0000000000000000    0x5e586 build/main.o
                                      0x5e8c1 (size before relaxing)
 .debug_str     0x000000000005e586      0x1a2 build/stm32f1xx_it.o
                                      0x5e2f8 (size before relaxing)
 .debug_str     0x000000000005e728       0x6c build/system_stm32f1xx.o
                                      0x55b0d (size before relaxing)
 .debug_str     0x000000000005e794      0x403 build/stm32f1xx_ll_gpio.o
                                      0x57434 (size before relaxing)
 .debug_str     0x000000000005eb97      0x31d build/stm32f1xx_ll_exti.o
                                      0x561eb (size before relaxing)
 .debug_str     0x000000000005eeb4     0x12c8 build/stm32f1xx_ll_tim.o
                                      0x5a160 (size before relaxing)
 .debug_str     0x000000000006017c      0x7fc build/stm32f1xx_ll_usart.o
                                      0x587d6 (size before relaxing)
 .debug_str     0x0000000000060978      0x2cf build/stm32f1xx_ll_rcc.o
                                      0x56f7e (size before relaxing)
 .debug_str     0x0000000000060c47      0xa57 build/stm32f1xx_ll_utils.o
                                      0x57c0c (size before relaxing)
 .debug_str     0x000000000006169e       0x12 build/midiControl.o
                                      0x5da79 (size before relaxing)
 .debug_str     0x00000000000616b0       0x24 build/startup_stm32f103xb.o
                                         0x4b (size before relaxing)
 .debug_str     0x00000000000616d4      0x182 /usr/lib/gcc/arm-none-eabi/7.3.1/../../../arm-none-eabi/lib/thumb/v7-m/libc_nano.a(lib_a-init.o)
                                        0x20b (size before relaxing)

.debug_frame    0x0000000000000000     0x1c18
 .debug_frame   0x0000000000000000      0x6b0 build/main.o
 .debug_frame   0x00000000000006b0      0x240 build/stm32f1xx_it.o
 .debug_frame   0x00000000000008f0       0x5c build/system_stm32f1xx.o
 .debug_frame   0x000000000000094c      0x184 build/stm32f1xx_ll_gpio.o
 .debug_frame   0x0000000000000ad0      0x1c4 build/stm32f1xx_ll_exti.o
 .debug_frame   0x0000000000000c94      0x560 build/stm32f1xx_ll_tim.o
 .debug_frame   0x00000000000011f4      0x240 build/stm32f1xx_ll_usart.o
 .debug_frame   0x0000000000001434      0x398 build/stm32f1xx_ll_rcc.o
 .debug_frame   0x00000000000017cc      0x420 build/stm32f1xx_ll_utils.o
 .debug_frame   0x0000000000001bec       0x2c /usr/lib/gcc/arm-none-eabi/7.3.1/../../../arm-none-eabi/lib/thumb/v7-m/libc_nano.a(lib_a-init.o)

Cross Reference Table

Symbol                                            File
ADC1_2_IRQHandler                                 build/startup_stm32f103xb.o
AHBPrescTable                                     build/system_stm32f1xx.o
                                                  build/stm32f1xx_ll_utils.o
                                                  build/stm32f1xx_ll_rcc.o
APBPrescTable                                     build/system_stm32f1xx.o
                                                  build/stm32f1xx_ll_rcc.o
BusFault_Handler                                  build/stm32f1xx_it.o
CAN1_RX1_IRQHandler                               build/startup_stm32f103xb.o
CAN1_SCE_IRQHandler                               build/startup_stm32f103xb.o
DMA1_Channel1_IRQHandler                          build/startup_stm32f103xb.o
DMA1_Channel2_IRQHandler                          build/startup_stm32f103xb.o
DMA1_Channel3_IRQHandler                          build/startup_stm32f103xb.o
DMA1_Channel4_IRQHandler                          build/startup_stm32f103xb.o
DMA1_Channel5_IRQHandler                          build/startup_stm32f103xb.o
DMA1_Channel6_IRQHandler                          build/startup_stm32f103xb.o
DMA1_Channel7_IRQHandler                          build/startup_stm32f103xb.o
DebugMon_Handler                                  build/stm32f1xx_it.o
Default_Handler                                   build/startup_stm32f103xb.o
EXTI0_IRQHandler                                  build/startup_stm32f103xb.o
EXTI15_10_IRQHandler                              build/startup_stm32f103xb.o
EXTI1_IRQHandler                                  build/startup_stm32f103xb.o
EXTI2_IRQHandler                                  build/startup_stm32f103xb.o
EXTI3_IRQHandler                                  build/startup_stm32f103xb.o
EXTI4_IRQHandler                                  build/startup_stm32f103xb.o
EXTI9_5_IRQHandler                                build/startup_stm32f103xb.o
Error_Handler                                     build/main.o
FLASH_IRQHandler                                  build/startup_stm32f103xb.o
HardFault_Handler                                 build/stm32f1xx_it.o
I2C1_ER_IRQHandler                                build/startup_stm32f103xb.o
I2C1_EV_IRQHandler                                build/startup_stm32f103xb.o
I2C2_ER_IRQHandler                                build/startup_stm32f103xb.o
I2C2_EV_IRQHandler                                build/startup_stm32f103xb.o
LL_DMA_DeInit                                     build/stm32f1xx_ll_dma.o
LL_DMA_Init                                       build/stm32f1xx_ll_dma.o
LL_DMA_StructInit                                 build/stm32f1xx_ll_dma.o
LL_EXTI_DeInit                                    build/stm32f1xx_ll_exti.o
LL_EXTI_Init                                      build/stm32f1xx_ll_exti.o
                                                  build/main.o
LL_EXTI_StructInit                                build/stm32f1xx_ll_exti.o
LL_GPIO_DeInit                                    build/stm32f1xx_ll_gpio.o
LL_GPIO_Init                                      build/stm32f1xx_ll_gpio.o
                                                  build/main.o
LL_GPIO_StructInit                                build/stm32f1xx_ll_gpio.o
LL_Init1msTick                                    build/stm32f1xx_ll_utils.o
                                                  build/main.o
LL_PLL_ConfigSystemClock_HSE                      build/stm32f1xx_ll_utils.o
LL_PLL_ConfigSystemClock_HSI                      build/stm32f1xx_ll_utils.o
LL_PWR_DeInit                                     build/stm32f1xx_ll_pwr.o
LL_RCC_DeInit                                     build/stm32f1xx_ll_rcc.o
LL_RCC_GetADCClockFreq                            build/stm32f1xx_ll_rcc.o
LL_RCC_GetSystemClocksFreq                        build/stm32f1xx_ll_rcc.o
                                                  build/stm32f1xx_ll_usart.o
LL_RCC_GetUSBClockFreq                            build/stm32f1xx_ll_rcc.o
LL_SetSystemCoreClock                             build/stm32f1xx_ll_utils.o
                                                  build/main.o
LL_TIM_BDTR_Init                                  build/stm32f1xx_ll_tim.o
LL_TIM_BDTR_StructInit                            build/stm32f1xx_ll_tim.o
LL_TIM_DeInit                                     build/stm32f1xx_ll_tim.o
LL_TIM_ENCODER_Init                               build/stm32f1xx_ll_tim.o
LL_TIM_ENCODER_StructInit                         build/stm32f1xx_ll_tim.o
LL_TIM_HALLSENSOR_Init                            build/stm32f1xx_ll_tim.o
LL_TIM_HALLSENSOR_StructInit                      build/stm32f1xx_ll_tim.o
LL_TIM_IC_Init                                    build/stm32f1xx_ll_tim.o
LL_TIM_IC_StructInit                              build/stm32f1xx_ll_tim.o
LL_TIM_Init                                       build/stm32f1xx_ll_tim.o
                                                  build/main.o
LL_TIM_OC_Init                                    build/stm32f1xx_ll_tim.o
LL_TIM_OC_StructInit                              build/stm32f1xx_ll_tim.o
LL_TIM_StructInit                                 build/stm32f1xx_ll_tim.o
LL_USART_ClockInit                                build/stm32f1xx_ll_usart.o
LL_USART_ClockStructInit                          build/stm32f1xx_ll_usart.o
LL_USART_DeInit                                   build/stm32f1xx_ll_usart.o
LL_USART_Init                                     build/stm32f1xx_ll_usart.o
                                                  build/main.o
LL_USART_StructInit                               build/stm32f1xx_ll_usart.o
LL_mDelay                                         build/stm32f1xx_ll_utils.o
                                                  build/stm32f1xx_it.o
                                                  build/main.o
MemManage_Handler                                 build/stm32f1xx_it.o
NMI_Handler                                       build/stm32f1xx_it.o
PVD_IRQHandler                                    build/startup_stm32f103xb.o
PendSV_Handler                                    build/stm32f1xx_it.o
RCC_GetHCLKClockFreq                              build/stm32f1xx_ll_rcc.o
RCC_GetPCLK1ClockFreq                             build/stm32f1xx_ll_rcc.o
RCC_GetPCLK2ClockFreq                             build/stm32f1xx_ll_rcc.o
RCC_GetSystemClockFreq                            build/stm32f1xx_ll_rcc.o
RCC_IRQHandler                                    build/startup_stm32f103xb.o
RCC_PLL_GetFreqDomain_SYS                         build/stm32f1xx_ll_rcc.o
RTC_Alarm_IRQHandler                              build/startup_stm32f103xb.o
RTC_IRQHandler                                    build/startup_stm32f103xb.o
Reset_Handler                                     build/startup_stm32f103xb.o
SPI1_IRQHandler                                   build/startup_stm32f103xb.o
SPI2_IRQHandler                                   build/startup_stm32f103xb.o
SVC_Handler                                       build/stm32f1xx_it.o
SysTick_Handler                                   build/stm32f1xx_it.o
SystemClock_Config                                build/main.o
SystemCoreClock                                   build/system_stm32f1xx.o
                                                  build/stm32f1xx_ll_utils.o
SystemCoreClockUpdate                             build/system_stm32f1xx.o
SystemInit                                        build/system_stm32f1xx.o
                                                  build/startup_stm32f103xb.o
TAMPER_IRQHandler                                 build/startup_stm32f103xb.o
TIM1_BRK_IRQHandler                               build/startup_stm32f103xb.o
TIM1_CC_IRQHandler                                build/startup_stm32f103xb.o
TIM1_TRG_COM_IRQHandler                           build/startup_stm32f103xb.o
TIM1_UP_IRQHandler                                build/startup_stm32f103xb.o
TIM2_IRQHandler                                   build/stm32f1xx_it.o
TIM3_IRQHandler                                   build/startup_stm32f103xb.o
TIM4_IRQHandler                                   build/startup_stm32f103xb.o
USART1_IRQHandler                                 build/stm32f1xx_it.o
USART2_IRQHandler                                 build/startup_stm32f103xb.o
USART3_IRQHandler                                 build/startup_stm32f103xb.o
USBWakeUp_IRQHandler                              build/startup_stm32f103xb.o
USB_HP_CAN1_TX_IRQHandler                         build/startup_stm32f103xb.o
USB_LP_CAN1_RX0_IRQHandler                        build/startup_stm32f103xb.o
UsageFault_Handler                                build/stm32f1xx_it.o
WWDG_IRQHandler                                   build/startup_stm32f103xb.o
_ITM_deregisterTMCloneTable                       /usr/lib/gcc/arm-none-eabi/7.3.1/thumb/v7-m/crtbegin.o
_ITM_registerTMCloneTable                         /usr/lib/gcc/arm-none-eabi/7.3.1/thumb/v7-m/crtbegin.o
__TMC_END__                                       /usr/lib/gcc/arm-none-eabi/7.3.1/thumb/v7-m/crtend.o
                                                  /usr/lib/gcc/arm-none-eabi/7.3.1/thumb/v7-m/crtbegin.o
__atexit_dummy                                    /usr/lib/gcc/arm-none-eabi/7.3.1/../../../arm-none-eabi/lib/thumb/v7-m/libc_nano.a(lib_a-__atexit.o)
__bss_end__                                       /usr/lib/gcc/arm-none-eabi/7.3.1/../../../arm-none-eabi/lib/thumb/v7-m/crt0.o
__bss_start__                                     /usr/lib/gcc/arm-none-eabi/7.3.1/../../../arm-none-eabi/lib/thumb/v7-m/crt0.o
__call_exitprocs                                  /usr/lib/gcc/arm-none-eabi/7.3.1/../../../arm-none-eabi/lib/thumb/v7-m/libc_nano.a(lib_a-__call_atexit.o)
                                                  /usr/lib/gcc/arm-none-eabi/7.3.1/../../../arm-none-eabi/lib/thumb/v7-m/libc_nano.a(lib_a-__atexit.o)
                                                  /usr/lib/gcc/arm-none-eabi/7.3.1/../../../arm-none-eabi/lib/thumb/v7-m/libc_nano.a(lib_a-exit.o)
__deregister_frame_info                           /usr/lib/gcc/arm-none-eabi/7.3.1/thumb/v7-m/crtbegin.o
__dso_handle                                      /usr/lib/gcc/arm-none-eabi/7.3.1/thumb/v7-m/crtbegin.o
__fini_array_end                                  /usr/lib/gcc/arm-none-eabi/7.3.1/../../../arm-none-eabi/lib/thumb/v7-m/libc_nano.a(lib_a-fini.o)
__fini_array_start                                /usr/lib/gcc/arm-none-eabi/7.3.1/../../../arm-none-eabi/lib/thumb/v7-m/libc_nano.a(lib_a-fini.o)
__init_array_end                                  /usr/lib/gcc/arm-none-eabi/7.3.1/../../../arm-none-eabi/lib/thumb/v7-m/libc_nano.a(lib_a-init.o)
__init_array_start                                /usr/lib/gcc/arm-none-eabi/7.3.1/../../../arm-none-eabi/lib/thumb/v7-m/libc_nano.a(lib_a-init.o)
__libc_fini_array                                 /usr/lib/gcc/arm-none-eabi/7.3.1/../../../arm-none-eabi/lib/thumb/v7-m/libc_nano.a(lib_a-fini.o)
                                                  /usr/lib/gcc/arm-none-eabi/7.3.1/../../../arm-none-eabi/lib/thumb/v7-m/crt0.o
__libc_init_array                                 /usr/lib/gcc/arm-none-eabi/7.3.1/../../../arm-none-eabi/lib/thumb/v7-m/libc_nano.a(lib_a-init.o)
                                                  build/startup_stm32f103xb.o
                                                  /usr/lib/gcc/arm-none-eabi/7.3.1/../../../arm-none-eabi/lib/thumb/v7-m/crt0.o
__on_exit_args                                    /usr/lib/gcc/arm-none-eabi/7.3.1/../../../arm-none-eabi/lib/thumb/v7-m/libc_nano.a(lib_a-__atexit.o)
__preinit_array_end                               /usr/lib/gcc/arm-none-eabi/7.3.1/../../../arm-none-eabi/lib/thumb/v7-m/libc_nano.a(lib_a-init.o)
__preinit_array_start                             /usr/lib/gcc/arm-none-eabi/7.3.1/../../../arm-none-eabi/lib/thumb/v7-m/libc_nano.a(lib_a-init.o)
__register_exitproc                               /usr/lib/gcc/arm-none-eabi/7.3.1/../../../arm-none-eabi/lib/thumb/v7-m/libc_nano.a(lib_a-__atexit.o)
                                                  /usr/lib/gcc/arm-none-eabi/7.3.1/../../../arm-none-eabi/lib/thumb/v7-m/libc_nano.a(lib_a-atexit.o)
__register_frame_info                             /usr/lib/gcc/arm-none-eabi/7.3.1/thumb/v7-m/crtbegin.o
__sf_fake_stderr                                  /usr/lib/gcc/arm-none-eabi/7.3.1/../../../arm-none-eabi/lib/thumb/v7-m/libc_nano.a(lib_a-impure.o)
__sf_fake_stdin                                   /usr/lib/gcc/arm-none-eabi/7.3.1/../../../arm-none-eabi/lib/thumb/v7-m/libc_nano.a(lib_a-impure.o)
__sf_fake_stdout                                  /usr/lib/gcc/arm-none-eabi/7.3.1/../../../arm-none-eabi/lib/thumb/v7-m/libc_nano.a(lib_a-impure.o)
__stack                                           /usr/lib/gcc/arm-none-eabi/7.3.1/../../../arm-none-eabi/lib/thumb/v7-m/crt0.o
_ebss                                             build/startup_stm32f103xb.o
_edata                                            build/startup_stm32f103xb.o
_estack                                           build/startup_stm32f103xb.o
_exit                                             /usr/lib/gcc/arm-none-eabi/7.3.1/../../../arm-none-eabi/lib/thumb/v7-m/libnosys.a(_exit.o)
                                                  /usr/lib/gcc/arm-none-eabi/7.3.1/../../../arm-none-eabi/lib/thumb/v7-m/libc_nano.a(lib_a-exit.o)
_fini                                             /usr/lib/gcc/arm-none-eabi/7.3.1/thumb/v7-m/crti.o
                                                  /usr/lib/gcc/arm-none-eabi/7.3.1/../../../arm-none-eabi/lib/thumb/v7-m/libc_nano.a(lib_a-fini.o)
_global_atexit                                    /usr/lib/gcc/arm-none-eabi/7.3.1/../../../arm-none-eabi/lib/thumb/v7-m/libc_nano.a(lib_a-__call_atexit.o)
                                                  /usr/lib/gcc/arm-none-eabi/7.3.1/../../../arm-none-eabi/lib/thumb/v7-m/libc_nano.a(lib_a-__atexit.o)
_global_impure_ptr                                /usr/lib/gcc/arm-none-eabi/7.3.1/../../../arm-none-eabi/lib/thumb/v7-m/libc_nano.a(lib_a-impure.o)
                                                  /usr/lib/gcc/arm-none-eabi/7.3.1/../../../arm-none-eabi/lib/thumb/v7-m/libc_nano.a(lib_a-exit.o)
_impure_ptr                                       /usr/lib/gcc/arm-none-eabi/7.3.1/../../../arm-none-eabi/lib/thumb/v7-m/libc_nano.a(lib_a-impure.o)
_init                                             /usr/lib/gcc/arm-none-eabi/7.3.1/thumb/v7-m/crti.o
                                                  /usr/lib/gcc/arm-none-eabi/7.3.1/../../../arm-none-eabi/lib/thumb/v7-m/libc_nano.a(lib_a-init.o)
_mainCRTStartup                                   /usr/lib/gcc/arm-none-eabi/7.3.1/../../../arm-none-eabi/lib/thumb/v7-m/crt0.o
_sbss                                             build/startup_stm32f103xb.o
_sdata                                            build/startup_stm32f103xb.o
_sidata                                           build/startup_stm32f103xb.o
_start                                            /usr/lib/gcc/arm-none-eabi/7.3.1/../../../arm-none-eabi/lib/thumb/v7-m/crt0.o
atexit                                            /usr/lib/gcc/arm-none-eabi/7.3.1/../../../arm-none-eabi/lib/thumb/v7-m/libc_nano.a(lib_a-atexit.o)
                                                  /usr/lib/gcc/arm-none-eabi/7.3.1/../../../arm-none-eabi/lib/thumb/v7-m/crt0.o
exit                                              /usr/lib/gcc/arm-none-eabi/7.3.1/../../../arm-none-eabi/lib/thumb/v7-m/libc_nano.a(lib_a-exit.o)
                                                  /usr/lib/gcc/arm-none-eabi/7.3.1/../../../arm-none-eabi/lib/thumb/v7-m/crt0.o
g_pfnVectors                                      build/startup_stm32f103xb.o
hardware_init_hook                                /usr/lib/gcc/arm-none-eabi/7.3.1/../../../arm-none-eabi/lib/thumb/v7-m/crt0.o
main                                              build/main.o
                                                  build/startup_stm32f103xb.o
                                                  /usr/lib/gcc/arm-none-eabi/7.3.1/../../../arm-none-eabi/lib/thumb/v7-m/crt0.o
malloc                                            /usr/lib/gcc/arm-none-eabi/7.3.1/../../../arm-none-eabi/lib/thumb/v7-m/libc_nano.a(lib_a-__atexit.o)
memset                                            /usr/lib/gcc/arm-none-eabi/7.3.1/../../../arm-none-eabi/lib/thumb/v7-m/libc_nano.a(lib_a-memset.o)
                                                  /usr/lib/gcc/arm-none-eabi/7.3.1/../../../arm-none-eabi/lib/thumb/v7-m/crt0.o
midiRxBuffer                                      build/midiControl.o
                                                  build/stm32f1xx_it.o
midiRxBufferEndIndex                              build/midiControl.o
                                                  build/stm32f1xx_it.o
midiRxBufferStartIndex                            build/midiControl.o
                                                  build/stm32f1xx_it.o
software_init_hook                                /usr/lib/gcc/arm-none-eabi/7.3.1/../../../arm-none-eabi/lib/thumb/v7-m/crt0.o
